error: indexing operations can panic if the indexed value is out of bounds
 --> $DIR/dont_panic_idx.rs:7:13
  |
7 |     let _ = x[1];
  |             ^^^^
  |
note: the lint level is defined here
 --> $DIR/dont_panic_idx.rs:2:9
  |
2 | #![deny(redpen::dont_panic)]
  |         ^^^^^^^^^^^^^^^^^^

error: indexing operations can panic if the indexed value is out of bounds
 --> $DIR/dont_panic_idx.rs:8:5
  |
8 |     x[1] = "";
  |     ^^^^

error: aborting due to 2 previous errors

